     1                                  ; -----------------------------------------------------------------------------
     2                                  ; Nombre: Benjamin Condori Vasquez  
     3                                  ; Registro: 220000999
     4                                  ; -----------------------------------------------------------------------------
     5                                  
     6                                  segment .data
     7                                  
     8 00000000 0A001400E2FF2800E2-     	arreglo1   dw   10, 20, -30, 40, -30, 60, 70, 80, -30, -32768
     8 00000009 FF3C0046005000E2FF-
     8 00000012 0080               
     9 00000014 E2FF                    	eliminar   dw   -30
    10 00000016 0A                      	n	       db   10
    11                                  
    12                                  segment .bss
    13                                  
    14 00000000 <res 14h>               	arreglo2  resw  10
    15                                  
    16                                  segment .text
    17                                  global main
    18                                  main:
    19                                  
    20 00000000 48B9-                   	mov rcx, arreglo1
    20 00000002 [0000000000000000] 
    21 0000000A 48BA-                   	mov rdx, arreglo2
    21 0000000C [0000000000000000] 
    22 00000014 66448B0425-             	mov r8w, [eliminar]
    22 00000019 [14000000]         
    23 0000001D 66448B0C25-             	mov r9w, [n]
    23 00000022 [16000000]         
    24 00000026 E801000000              	call eliminar1
    25                                  
    26 0000002B C3                      ret
    27                                  
    28                                  ; --------------------------------------------------------------------------
    29                                  ; .....................Subrutinas.....................
    30                                  ; --------------------------------------------------------------------------
    31                                  
    32                                  eliminar1:
    33                                  
    34 0000002C 4D31D2                  	xor r10, r10		; contador
    35 0000002F 4831DB                  	xor rbx, rbx
    36                                  	
    37 00000032 4989D3                  	mov r11, rdx
    38                                  
    39 00000035 66443901                	cmp word[rcx], r8w
    40 00000039 7408                    	je disminuir
    41 0000003B 668B01                  	mov ax, word[rcx]
    42 0000003E 668902                  	mov word[rdx], ax
    43 00000041 EB04                    	jmp ciclo
    44                                  	
    45                                  	disminuir:
    46 00000043 4883EA02                	sub rdx, 2
    47                                  	
    48                                  	ciclo:
    49                                  	
    50 00000047 6644394102              		cmp word[rcx+2], r8w
    51 0000004C 740C                    		je contCiclo
    52                                  		
    53 0000004E 668B4102                		mov ax, word[rcx+2]
    54 00000052 66894202                		mov word[rdx+2], ax
    55 00000056 4883C202                		add rdx, 2
    56                                  		
    57                                  		contCiclo:
    58 0000005A 4883C102                		add rcx, 2
    59 0000005E 49FFC2                  		inc r10
    60 00000061 664539CA                		cmp r10w, r9w
    61                                  			
    62 00000065 7CE0                    	jl ciclo
    63                                  	
    64                                  	
    65                                  
    66 00000067 C3                      ret
    67                                  
    68                                  
