     1                                  
     2                                  
     3                                  segment .data
     4                                  
     5 00000000 7030010000000000        	n	dq	77936
     6                                  
     7                                  segment .bss
     8                                  
     9 00000000 ????????????????        	prom_cubos  resq	1
    10                                  	
    11                                  segment .text
    12                                  global main
    13                                  main:
    14                                  
    15 00000000 4831C0                  	xor rax, rax
    16 00000003 4831DB                  	xor rbx, rbx
    17 00000006 4831C9                  	xor rcx, rcx
    18 00000009 4D31D2                  	xor r10, r10
    19                                  	
    20                                  	
    21 0000000C 488B0C25[00000000]      	mov rcx, [n]
    22                                  	
    23                                  	ciclo:
    24 00000014 4889CB                  		mov rbx, rcx
    25 00000017 480FAFD9                		imul rbx, rcx			
    26 0000001B 480FAFD9                		imul rbx, rcx		
    27 0000001F 4901DA                  		add r10, rbx
    28                                  		
    29 00000022 E2F0                    	loop ciclo
    30                                  		
    31 00000024 4C89D0                  	mov rax, r10
    32 00000027 4899                    	cqo
    33 00000029 48F73C25[00000000]      	idiv qword[n]
    34                                  	
    35 00000031 48890425[00000000]      	mov [prom_cubos], rax
    36                                  
    37 00000039 C3                      ret 
    38                                  
    39                                  
