     1                                  ;------------------------------------------------------------------------------------
     2                                  ; MODELO EXAMEN SEGUNDO PARCIAL N° 10
     3                                  ;------------------------------------------------------------------------------------
     4                                  ; Calcular el promedio de los numeros "positivos pares, mayores de 20 
     5                                  ; y menores o iguales a 2000" en un arreglo 
     6                                  ;------------------------------------------------------------------------------------
     7                                  
     8                                  segment .data
     9                                  
    10 00000000 300000009C01000098-     	arreglo	  dd   48, 412, 152, 1646, -46, 17627, 2001, 162, 646, 16
    10 00000009 0000006E060000D2FF-
    10 00000012 FFFFDB440000D10700-
    10 0000001B 00A200000086020000-
    10 00000024 10000000           
    11 00000028 0A                      	num 	  db   10
    12                                  
    13                                  segment .bss
    14                                  
    15 00000000 ????????                	promedio   resd   1
    16                                  
    17                                  segment .text
    18                                  global main
    19                                  main:
    20                                  
    21 00000000 48B9-                   	mov rcx, arreglo
    21 00000002 [0000000000000000] 
    22 0000000A 8A1425[28000000]        	mov dl, [num]
    23 00000011 E808000000              	call calPromedio
    24 00000016 890425[00000000]        	mov [promedio], eax
    25                                  
    26 0000001D C3                      ret
    27                                  
    28                                  ; ----------------------------------------------------------------------------
    29                                  ; ........................Subrutinas........................
    30                                  ; ----------------------------------------------------------------------------
    31                                  
    32                                  calPromedio:
    33                                  
    34 0000001E 4D31D2                  	xor r10, r10		; indice
    35 00000021 4D31DB                  	xor r11, r11		; acumulador suma
    36 00000024 4D31E4                  	xor r12, r12 		; contador
    37 00000027 4831DB                  	xor rbx, rbx
    38                                  	
    39 0000002A 88D3                    	mov bl, dl
    40                                  
    41                                  	Ciclo:
    42 0000002C 42833C1100              		cmp dword[rcx+r10], 0
    43 00000031 7E28                    		jle contCiclo
    44                                  		
    45 00000033 42833C1114              		cmp dword[rcx+r10], 20
    46 00000038 7E21                    		jle contCiclo
    47                                  		
    48 0000003A 42813C11D0070000        		cmp dword[rcx+r10], 2000
    49 00000042 7F17                    		jg contCiclo
    50                                  		
    51 00000044 428B0411                		mov eax, dword[rcx+r10]
    52 00000048 99                      		cdq
    53 00000049 41BD02000000            		mov r13d, 2
    54 0000004F 41F7FD                  		idiv r13d
    55                                  		
    56 00000052 83FA00                  		cmp edx, 0
    57 00000055 7504                    		jne contCiclo
    58                                  		
    59 00000057 46031C11                		add r11d, dword[rcx+r10]
    60                                  		
    61                                  		contCiclo:
    62 0000005B 4983C204                		add r10, 4
    63 0000005F 49FFC4                  		inc r12
    64 00000062 4138CC                  		cmp r12b, cl
    65                                  		
    66 00000065 7CC5                    	jl Ciclo
    67                                  	
    68 00000067 4489D8                  	mov eax, r11d
    69 0000006A 99                      	cdq
    70 0000006B F7FB                    	idiv ebx
    71                                  
    72 0000006D C3                      ret 
    73                                  
    74                                  
    75                                  
    76                                  
    77                                  
    78                                  
    79                                  
