     1                                  ;------------------------------------------------------------------------------------
     2                                  ; MODELO EXAMEN SEGUNDO PARCIAL N° 10
     3                                  ;------------------------------------------------------------------------------------
     4                                  ; Calcular el promedio de los numeros enteros que sean "positivos, mayores de 10 
     5                                  ; y menores o iguales a 1000" en un arreglo 
     6                                  ;--------------------------------------------------------------------------
     7                                  segment .data
     8                                  
     9 00000000 0A00E7FF2F00160450-     	arreglo  dw  10, -25, 47, 1046, -176, 413, 89, -71, 12, -3
     9 00000009 FF9D015900B9FF0C00-
     9 00000012 FDFF               
    10 00000014 0A00                    	num 	 dw  10
    11                                  
    12                                  segment .bss
    13                                  
    14 00000000 ????                    	promedio  resw  1
    15                                  
    16                                  segment .text
    17                                  global main
    18                                  main:
    19                                  
    20 00000000 48B9-                   	mov rcx, arreglo
    20 00000002 [0000000000000000] 
    21 0000000A 668B1425[14000000]      	mov dx, [num]
    22 00000012 E809000000              	call calPromedio
    23 00000017 66890425[00000000]      	mov [promedio], ax
    24                                  
    25 0000001F C3                      ret
    26                                  
    27                                  ; ----------------------------------------------------------------------------
    28                                  ; ........................Subrutinas........................
    29                                  ; ----------------------------------------------------------------------------
    30                                  
    31                                  calPromedio:
    32                                  
    33 00000020 4D31D2                  	xor r10, r10		; indice
    34 00000023 4D31DB                  	xor r11, r11		; acumulador suma
    35                                  
    36                                  	ciclo:
    37 00000026 6642833C5100            		cmp word[rcx+r10*2], 0
    38 0000002C 7F02                    		jg esMayorA10
    39 0000002E EB18                    		jmp contCiclo
    40                                  		
    41                                  		esMayorA10:
    42 00000030 6642833C510A            			cmp word[rcx+r10*2], 10
    43 00000036 7F02                    			jg esMenorA1000
    44 00000038 EB0E                    			jmp contCiclo
    45                                  		
    46                                  		esMenorA1000:
    47 0000003A 6642813C51E803          			cmp word[rcx+r10*2], 1000
    48 00000041 7F05                    			jg contCiclo
    49 00000043 6646031C51              			add r11w, [rcx+r10*2]
    50                                  	
    51                                  		contCiclo:
    52 00000048 49FFC2                  		inc r10
    53 0000004B 664139D2                		cmp r10w, dx
    54                                  		
    55 0000004F 7CD5                    	jl ciclo
    56                                  
    57 00000051 664489D8                	mov ax, r11w
    58 00000055 664189D2                	mov r10w, dx
    59 00000059 6699                    	cwd
    60 0000005B 6641F7FA                	idiv r10w
    61                                  
    62 0000005F C3                      ret
    63                                  
    64                                  
    65                                  
    66                                  
