     1                                  ;--------------------------------------------------------------------------
     2                                  ; MODELO EXAMEN SEGUNDO PARCIAL N° 3
     3                                  ;--------------------------------------------------------------------------
     4                                  
     5                                  segment .data
     6                                  
     7 00000000 10000000                	a	dd	16
     8 00000004 0E000000                	b	dd  14
     9                                  
    10                                  segment .bss
    11                                  
    12 00000000 ????????                	mcd	 resd  1
    13                                  
    14                                  segment .text
    15                                  global main
    16                                  main:
    17                                  
    18 00000000 8B0C25[00000000]        	mov ecx, [a]
    19 00000007 8B1425[04000000]        	mov edx, [b]
    20 0000000E E808000000              	call calcular
    21 00000013 890425[00000000]        	mov [mcd], eax
    22                                  
    23 0000001A C3                      ret
    24                                  
    25                                  ;---------------------------------------------------------------------------
    26                                  ;............Subrutinas............
    27                                  ;---------------------------------------------------------------------------
    28                                  
    29                                  calcular:
    30                                  
    31 0000001B 4831C0                  	xor rax, rax
    32 0000001E 4831DB                  	xor rbx, rbx
    33 00000021 4D31D2                  	xor r10, r10		; sera el mcd
    34                                  	
    35 00000024 4189CB                  	mov r11d, ecx		; r11d = a
    36 00000027 89D3                    	mov ebx, edx		; ebx = b
    37                                  	
    38                                  	ciclo:
    39 00000029 4489D8                  			mov eax, r11d
    40 0000002C 99                      			cdq
    41 0000002D F7F9                    			idiv ecx
    42 0000002F 83FA00                  			cmp edx, 0
    43                                  			
    44 00000032 7402                    		je segundo
    45 00000034 EB11                    		jmp contCiclo
    46                                  		
    47                                  			segundo:
    48 00000036 89D8                    			mov eax, ebx
    49 00000038 99                      			cdq
    50 00000039 F7F9                    			idiv ecx
    51 0000003B 83FA00                  			cmp edx, 0
    52 0000003E 7402                    			je guardarMCD
    53 00000040 EB05                    			jmp contCiclo
    54                                  			
    55                                  			guardarMCD:
    56 00000042 4189CA                  				mov r10d, ecx
    57 00000045 EB02                    				jmp fin
    58                                  	
    59                                  		contCiclo:
    60                                  		
    61 00000047 E2E0                    	loop ciclo
    62                                  	
    63 00000049 4489D0                  	fin: mov eax, r10d
    64                                  	
    65 0000004C C3                      ret
    66                                  
    67                                  
    68                                  
    69                                  
    70                                  
