     1                                  ;--------------------------------------------------------------------------
     2                                  ; MODELO EXAMEN SEGUNDO PARCIAL N° 5
     3                                  ;--------------------------------------------------------------------------
     4                                  ; Calcular el promedio de los numeros posivos o negativos "impares"
     5                                  ; que existen en un arreglo 
     6                                  ;--------------------------------------------------------------------------
     7                                  
     8                                  segment .data
     9                                  
    10 00000000 2D000000C7EFFFFF97-     	arreglo  dd  45, -4153, 151, 16463, -46, -17627, 220014, 165, 646, -15
    10 00000009 0000004F400000D2FF-
    10 00000012 FFFF25BBFFFF6E5B03-
    10 0000001B 00A500000086020000-
    10 00000024 F1FFFFFF           
    11 00000028 0A                      	num 	 db	 10
    12                                  
    13                                  segment .bss
    14                                  
    15 00000000 ????????                	promedio  resd  1
    16                                  
    17                                  segment .text
    18                                  global main
    19                                  main:
    20                                  
    21 00000000 48B9-                   	mov rcx, arreglo
    21 00000002 [0000000000000000] 
    22 0000000A 8A1425[28000000]        	mov dl, [num]
    23 00000011 E808000000              	call promediar
    24 00000016 890425[00000000]        	mov [promedio], eax
    25                                  
    26 0000001D C3                      ret
    27                                  
    28                                  ;---------------------------------------------------------------------------
    29                                  ;............Subrutinas............
    30                                  ;---------------------------------------------------------------------------
    31                                  
    32                                  promediar:
    33                                  	
    34 0000001E 4D31D2                  	xor r10, r10		; indice
    35 00000021 4D31DB                  	xor r11, r11		; acumulador suma
    36 00000024 4D31ED                  	xor r13, r13		; contador
    37 00000027 4831DB                  	xor rbx, rbx
    38                                  	
    39 0000002A 88D3                    	mov bl, dl			; bl = dl = 10
    40                                  	
    41                                  	ciclo:
    42 0000002C 428B0411                		mov eax, [rcx+r10]
    43 00000030 99                      		cdq
    44 00000031 41BC02000000            		mov r12d, 2
    45 00000037 41F7FC                  		idiv r12d
    46 0000003A 83FA00                  		cmp edx, 0
    47 0000003D 7404                    		je contCiclo
    48                                  		
    49 0000003F 46031C11                		add r11d, [rcx+r10]
    50                                  		
    51                                  		contCiclo:
    52 00000043 4983C204                		add r10, 4
    53 00000047 49FFC5                  		inc r13
    54 0000004A 4138DD                  		cmp r13b, bl
    55                                  	
    56 0000004D 7CDD                    	jl ciclo
    57                                  	
    58 0000004F 4489D8                  	mov eax, r11d
    59 00000052 99                      	cdq
    60 00000053 F7FB                    	idiv ebx
    61                                  	
    62 00000055 C3                      ret
    63                                  
    64                                  
    65                                  
    66                                  
    67                                  
