     1                                  
     2                                  segment .data
     3                                  
     4 00000000 7D230000                	a	dd	9085
     5 00000004 12000000                	b 	dd	18
     6 00000008 19000000                	c	dd 	25
     7                                  
     8                                  segment .bss
     9                                  
    10 00000000 ????????                	d 	resd  1
    11                                  
    12                                  segment .text
    13                                  global main
    14                                  main:
    15                                  
    16 00000000 8B0C25[00000000]        	mov ecx, [a]
    17 00000007 8B1425[04000000]        	mov edx, [b]
    18 0000000E 448B0425[08000000]      	mov r8d, [c]
    19 00000016 E808000000              	call calcular
    20 0000001B 890425[00000000]        	mov [d], eax
    21                                  
    22 00000022 C3                      ret
    23                                  
    24                                  ; ------------------------------------------------------------------------
    25                                  ; ..........................Subrutinas..........................
    26                                  ; ------------------------------------------------------------------------
    27                                  
    28                                  ; d = ((a<<3)&(-b*8))/((b-c)^3)
    29                                  
    30                                  calcular:
    31                                  
    32 00000023 4831C0                  	xor rax, rax
    33 00000026 4831DB                  	xor rbx, rbx
    34                                  	
    35 00000029 89C8                    	mov eax, ecx
    36 0000002B 89D3                    	mov ebx, edx
    37                                  	
    38 0000002D C1E003                  	sal eax, 3		; (a<<3)
    39                                  	
    40 00000030 F7DB                    	neg ebx			; -b
    41 00000032 41BA08000000            	mov r10d, 8
    42 00000038 410FAFDA                	imul ebx, r10d	; (-b*8)
    43                                  	
    44 0000003C 21D8                    	and eax, ebx	; ((a<<3)&(-b*8))
    45                                  	
    46 0000003E 4429C2                  	sub edx, r8d	; (b-c)
    47 00000041 4189D2                  	mov r10d, edx
    48 00000044 0FAFD2                  	imul edx, edx
    49 00000047 410FAFD2                	imul edx, r10d	; ((b-c)^3)
    50                                  	
    51 0000004B 4189D2                  	mov r10d, edx
    52 0000004E 99                      	cdq
    53 0000004F 41F7FA                  	idiv r10d		; ((a<<3)&(-b*8))/((b-c)^3)
    54                                  
    55 00000052 C3                      ret
    56                                  
    57                                  
    58                                  
