     1                                  ;----------------------------------------------------------------------------
     2                                  ; MODELO DE PRIMER PARCIAL - N°2
     3                                  ;----------------------------------------------------------------------------
     4                                  
     5                                  segment .data
     6                                  
     7 00000000 0C000000E7FFFFFF0E-     	a	dd	12, -25, 14, -84, 99
     7 00000009 000000ACFFFFFF6300-
     7 00000012 0000               
     8 00000014 03000000                	k	dd	3
     9                                  
    10                                  segment .bss
    11                                  
    12 00000000 <res 14h>               	b 	resd	5
    13                                  
    14                                  segment .text
    15                                  global main
    16                                  main:
    17                                  
    18 00000000 4831DB                  	xor rbx, rbx
    19 00000003 4831C0                  	xor rax, rax
    20 00000006 4831F6                  	xor rsi, rsi
    21                                  	
    22 00000009 BB[00000000]            	mov ebx, a
    23 0000000E B905000000              	mov rcx, 5
    24                                  	
    25                                  	ciclo:
    26                                  	
    27 00000013 8B0433                  		mov eax, [rbx + rsi]
    28 00000016 99                      		cdq
    29 00000017 F73C25[14000000]        		idiv dword[k]
    30 0000001E 8986[00000000]          		mov [b + rsi], eax
    31 00000024 4883C604                		add rsi, 4
    32                                  	
    33 00000028 E2E9                    	loop ciclo
    34                                  
    35 0000002A C3                      ret
    36                                  
    37                                  
