     1                                  ;------------------------------------------------------------------------------
     2                                  ; MODELO EXAMEN PRIMER PARCIAL
     3                                  ;------------------------------------------------------------------------------
     4                                  
     5                                  segment .data
     6                                  
     7 00000000 9900000000000000E7-     	a	dq	153, 220000999, -499, 8883127, 50, -95, 19, 4592, 0x123456789, -801, 0
     7 00000009 F21C0D000000000DFE-
     7 00000012 FFFFFFFFFFFFB78B87-
     7 0000001B 000000000032000000-
     7 00000024 00000000A1FFFFFFFF-
     7 0000002D FFFFFF130000000000-
     7 00000036 0000F0110000000000-
     7 0000003F 008967452301000000-
     7 00000048 DFFCFFFFFFFFFFFF00-
     7 00000051 00000000000000     
     8 00000058 E513000000000000        	b 	dq	5093
     9                                  
    10                                  segment .bss
    11                                  
    12 00000000 ????????????????        	promedio 	resq	1
    13 00000008 ????????????????        	residuo		resq	1
    14                                  
    15                                  segment .text
    16                                  global main
    17                                  main:
    18                                  	
    19 00000000 4831C0                  	xor rax, rax
    20 00000003 4831DB                  	xor rbx, rbx	
    21 00000006 4831C9                  	xor rcx, rcx	;indice
    22 00000009 4D31C9                  	xor r9,  r9		;acumulador	
    23                                  	
    24                                  	ciclo:
    25 0000000C 488B1C25[58000000]      		mov rbx, [b]
    26 00000014 480FAF1CCD-             		imul rbx, [a + rcx * 8]
    26 00000019 [00000000]         
    27 0000001D 4901D9                  		add r9, rbx
    28 00000020 48FFC1                  		inc rcx
    29                                  	
    30 00000023 483B04CD[00000000]      	cmp rax, [a + rcx * 8]
    31 0000002B 75DF                    	jnz ciclo
    32                                  	
    33 0000002D 4C89C8                  	mov rax, r9
    34 00000030 4899                    	cqo
    35 00000032 48F7F9                  	idiv rcx
    36                                  	
    37 00000035 48890425[00000000]      	mov [promedio], rax
    38 0000003D 48891425[08000000]      	mov [residuo], 	rdx
    39                                  
    40 00000045 C3                      	ret
    41                                  
    42                                  
