     1                                  ;------------------------------------------------------------------------------------------------------------
     2                                  ;------------------------------------------------------------------------------------------------------------
     3                                  
     4                                  segment .data
     5                                  ; Aqui van las variables inicializadas
     6                                  
     7 00000000 B78B8700                	a	dd		8883127
     8 00000004 C0B4B3FF                	b 	dd		-5000000
     9 00000008 E7F21C0D                	c	dd		220000999
    10 0000000C BADCFE00                	d 	dd		0xFEDCBA 	; 16702650 
    11 00000010 80D1F008                	e	dd		150000000
    12                                  
    13                                  segment .bss
    14                                  ; Aqui van las varibales sin inicializar
    15                                  
    16 00000000 ????????                	x	resd	1
    17                                  
    18                                  segment .text
    19                                  global main
    20                                  main:
    21                                  ; Aqui van las instrucciones
    22                                  
    23                                  	;	x = (a << 3) & (b - (~c));
    24                                  	;	x = (x >> 2) | (d ^ e);
    25                                  	;	x = ~x; 
    26                                  	
    27 00000000 C12425[00000000]03      	sal dword[a], 3		; (a << 3)
    28 00000008 F71425[08000000]        	not dword[c]		; (~c)
    29                                  	
    30 0000000F 4831DB                  	xor rbx, rbx
    31 00000012 8B1C25[04000000]        	mov ebx, [b]		; ebx = b
    32 00000019 2B1C25[08000000]        	sub ebx, [c]		; (b - (~c))
    33 00000020 231C25[00000000]        	and ebx, [a]		; (a << 3) & (b - (~c))
    34                                  	
    35 00000027 C1FB02                  	sar ebx, 2			; (x >> 2)
    36                                  	
    37 0000002A 4831D2                  	xor rdx, rdx
    38 0000002D 8B1425[0C000000]        	mov edx, [d]		; edx = d
    39 00000034 331425[10000000]        	xor edx, [e]		; (d ^ e)
    40 0000003B 09D3                    	or  ebx, edx		; (x >> 2) | (d ^ e)
    41                                  	
    42 0000003D F7D3                    	not ebx				; ~x
    43 0000003F 891C25[00000000]        	mov [x], ebx		
    44                                  
    45 00000046 C3                      	ret
    46                                  
    47                                  
