     1                                  ;----------------------------------------------------------------------------------------------------
     2                                  ; PRACTICA EXAMEN PRIMER PARCIAL
     3                                  ;----------------------------------------------------------------------------------------------------
     4                                  
     5                                  segment .data
     6                                  
     7 00000000 5375FFFF                	a	dd	-35501	
     8 00000004 E7F21C0D                	b	dd	220000999
     9 00000008 99ECFEFF                	c	dd	-70503
    10 0000000C B78B8700                	d	dd	8883127
    11                                  
    12                                  segment .bss
    13                                  
    14 00000000 ????????                	x	resd	1
    15                                  
    16                                  segment .text
    17                                  global main
    18                                  main:
    19                                  
    20                                  	; x = ((-b)*85)|((a>>5)-19)/((c-d)^(0xF3A5BE2F & d));
    21                                  
    22 00000000 4831C0                  	xor rax, rax
    23 00000003 4831DB                  	xor rbx, rbx
    24                                  	
    25 00000006 8B0425[00000000]        	mov eax, [a]
    26 0000000D 8B1C25[04000000]        	mov ebx, [b]
    27                                  	
    28 00000014 F7DB                    	neg ebx				; (-b)
    29 00000016 6BDB55                  	imul ebx, 85		; ((-b)*85)
    30                                  	
    31 00000019 C1F805                  	sar eax, 5			; (a>>5)
    32 0000001C 83E813                  	sub eax, 19			; ((a>>5)-19)
    33                                  	
    34                                  	;=======================================================
    35                                  	
    36 0000001F 4831C9                  	xor rcx, rcx
    37 00000022 4831D2                  	xor rdx, rdx
    38                                  	
    39 00000025 8B0C25[08000000]        	mov ecx, [c]
    40 0000002C 8B1425[0C000000]        	mov edx, [d]
    41                                  	
    42 00000033 29D1                    	sub ecx, edx		; (c-d)
    43 00000035 81E22FBEA5F3            	and edx, 0xF3A5BE2F	; (0xF3A5BE2F & d)
    44 0000003B 31D1                    	xor ecx, edx
    45                                  	
    46 0000003D 83F900                  	cmp ecx, 0
    47 00000040 740C                    	je fin
    48                                  	
    49 00000042 99                      	cdq
    50 00000043 F7F9                    	idiv ecx
    51 00000045 09C3                    	or ebx, eax
    52 00000047 891C25[00000000]        	mov [x], ebx
    53                                  
    54                                  	fin:
    55                                  
    56 0000004E C3                      	ret
    57                                  
    58                                  
