     1                                  
     2                                  segment .data
     3                                  
     4 00000000 5375FFFFFFFFFFFF        	a	dq	-35501
     5 00000008 E7F21C0D00000000        	b 	dq	220000999
     6 00000010 99ECFEFFFFFFFFFF        	c	dq	-70503
     7 00000018 B78B870000000000        	d	dq	8883127
     8                                  
     9                                  segment .bss
    10                                  
    11 00000000 ????????????????        	x 	resq	1
    12                                  
    13                                  segment .text
    14                                  global main
    15                                  main:
    16                                  
    17                                  	; x = ((-b)*85)|((a>>5)-19)/((c-d)^(0xF3A5BE2F & d));
    18                                  	
    19 00000000 488B0425[00000000]      	mov rax, [a]
    20 00000008 488B1C25[08000000]      	mov rbx, [b]
    21                                  	
    22 00000010 48F7DB                  	neg rbx				; (-b)
    23 00000013 486BDB55                	imul rbx, 85		; ((-b)*85)
    24                                  	
    25 00000017 48C1F805                	sar rax, 5			; (a>>5)
    26 0000001B 4883E813                	sub rax, 19			; ((a>>5)-19)
    27                                  	
    28                                  	
    29 0000001F 488B0C25[10000000]      	mov rcx, [c]
    30 00000027 488B1425[18000000]      	mov rdx, [d]
    31                                  	
    32 0000002F 4829D1                  	sub rcx, rdx		; (c-d)
    33 00000032 41B82FBEA5F3            	mov r8, 0xF3A5BE2F
    34 00000038 4C21C2                  	and rdx, r8	; (0xF3A5BE2F & d)
    35 0000003B 4831D1                  	xor rcx,rdx			; ((c-d)^(0xF3A5BE2F & d))
    36                                  	
    37 0000003E 4883F900                	cmp rcx, 0
    38 00000042 7410                    	je fin
    39                                  	
    40 00000044 4899                    	cqo
    41 00000046 48F7F9                  	idiv rcx
    42 00000049 4809C3                  	or rbx, rax
    43 0000004C 48891C25[00000000]      	mov [x], rbx
    44                                  	
    45                                  	fin:
    46                                  
    47 00000054 C3                      	ret
    48                                  
    49                                  
    50                                  
    51                                  
    52                                  
    53                                  
    54                                  
    55                                  
