     1                                  ;-----------------------------------------------------------------------------
     2                                  ; MODELO EXAMEN PRIMER PARCIAL - N°4
     3                                  ;-----------------------------------------------------------------------------
     4                                  
     5                                  segment .data
     6                                  
     7 00000000 6500000000000000E7-     	a	dq	101, 220000999, -312, 8883127, 50, -95, 19, 4592
     7 00000009 F21C0D00000000C8FE-
     7 00000012 FFFFFFFFFFFFB78B87-
     7 0000001B 000000000032000000-
     7 00000024 00000000A1FFFFFFFF-
     7 0000002D FFFFFF130000000000-
     7 00000036 0000F0110000000000-
     7 0000003F 00                 
     8 00000040 150C000000000000        	b 	dq 	3093	
     9 00000048 CEE1FFFFFFFFFFFF        	c	dq	-7730
    10                                  
    11                                  segment .bss
    12                                  
    13 00000000 ????????????????        	promedio	resq	1
    14                                  
    15                                  segment .text
    16                                  global main
    17                                  main:
    18                                  
    19                                  	; a[i]*b + c
    20                                  			
    21 00000000 4831F6                  	xor rsi, rsi		; indice
    22 00000003 4D31D2                  	xor r10, r10		; acumulador
    23                                  	
    24 00000006 B908000000              	mov rcx, 8
    25 0000000B 48B8-                   	mov rax, a
    25 0000000D [0000000000000000] 
    26                                  	
    27                                  	ciclo:
    28 00000015 488B1C25[40000000]      		mov rbx, [b]
    29 0000001D 480FAF1CF0              		imul rbx, [rax + rsi * 8]
    30 00000022 48031C25[48000000]      		add rbx, [c]
    31 0000002A 4901DA                  		add r10, rbx
    32 0000002D 48FFC6                  		inc rsi
    33                                  		
    34 00000030 E2E3                    	loop ciclo
    35                                  	
    36 00000032 4C89D0                  	mov rax, r10
    37 00000035 4899                    	cqo
    38 00000037 B908000000              	mov rcx, 8
    39 0000003C 48F7F9                  	idiv rcx
    40                                  	
    41 0000003F 48890425[00000000]      	mov [promedio], rax
    42                                  
    43 00000047 C3                      ret
    44                                  
    45                                  
    46                                  
    47                                  
