     1                                  ;--------------------------------------------------------------------------
     2                                  ; PRACTICO PROGRAMACIÓN N° 4
     3                                  ;--------------------------------------------------------------------------
     4                                  segment .data
     5                                  
     6 00000000 0A00000000000000        	a	dq	10
     7 00000008 1400000000000000        	b	dq 	20
     8                                  	
     9                                  segment .bss
    10                                  
    11 00000000 ????????????????        	c  resq	 1
    12                                  
    13                                  segment .text
    14                                  global main
    15                                  main:
    16                                  
    17 00000000 488B0C25[00000000]      	mov rcx, [a]	; 1er argumento por valor --> rcx
    18 00000008 488B1425[08000000]      	mov rdx, [b]	; 2do argumento por valor --> rdx
    19 00000010 E809000000              	call sumar
    20 00000015 48890425[00000000]      	mov [c], rax
    21                                  	
    22 0000001D C3                      ret
    23                                  
    24                                  ;---------------------------------------------------------------------------
    25                                  ;............Subrutinas............
    26                                  ;---------------------------------------------------------------------------
    27                                  
    28                                  sumar:
    29 0000001E 4889C8                  	mov rax, rcx
    30 00000021 4801D0                  	add rax, rdx
    31 00000024 C3                      ret
    32                                  
    33                                  
    34                                  
    35                                  
    36                                  
